å—¨å®³å¤§å®¶å¥½é¸­ï¼Œæˆ‘æ˜¯å°ç†ŠçŒ«å•¦ğŸ–¤

åœ¨ä½¿ç”¨Pythonæ—¶ï¼Œä½œä¸ºèŒæ–°çš„æˆ‘æ€»æ˜¯ä¼šç²—å¿ƒçš„æ‰è¿™æ‰é‚£ï¼Œè¿è¡Œæ—¶å°±ä¼šå‡ºç°å„å¼å„æ ·çš„é”™è¯¯ï¼Œå› æ­¤å†™è¿™ä¹ˆä¸€ç¯‡åšå®¢ï¼Œæ¥æ€»ç»“ä¸‹ç¼–å†™ä»£ç çš„ä¸€äº›å¸¸è§é”™è¯¯ä»¥åŠè§£å†³åŠæ³•ã€‚

æœ‰ä»€ä¹ˆpythonç›¸å…³æŠ¥é”™è§£ç­”è‡ªå·±ä¸ä¼šçš„ã€æˆ–è€…æºç èµ„æ–™/æ¨¡å—å®‰è£…/å¥³è£…å¤§ä½¬ç²¾é€šæŠ€å·§ éƒ½å¯ä»¥æ¥è¿™é‡Œï¼šï¼ˆhttps://jq.qq.com/?_wv=1027&k=2Q3YTfymï¼‰æˆ–è€…æ–‡æœ«ç§å·é—®æˆ‘


NameError

æŠ¥é”™ï¼š

>>> print(a)
Traceback (most recent call last):
  File "<pyshell#0>", line 1, in <module>
    print(a)
NameError: name 'a' is not defined

NameError
 åç§°é”™è¯¯

åŸå› åŠè§£å†³æ–¹æ¡ˆï¼š

å…ˆç»™aèµ‹å€¼ï¼Œæ‰èƒ½ä½¿ç”¨å®ƒã€‚å½“å‡ºç°NameErroræ—¶ï¼Œç»å¤§å¤šæ•°æƒ…å†µä¸æ˜¯æ²¡è¢«èµ‹å€¼ï¼Œè€Œæ˜¯æˆ‘ä»¬å°†å•è¯æ‹¼é”™ï¼Œæˆ–å¤§å°å†™æ²¡æ³¨æ„åˆ°ã€‚å› æ­¤è¦å›å¤´å¥½å¥½æ£€æŸ¥ä¸‹å“ªé‡Œé”™äº†ã€‚


SyntaxErrorError

æŠ¥é”™ï¼š

#é”™è¯¯1
>>> a = 1
>>> if a:
print(1)
SyntaxError: expected an indented block

#é”™è¯¯2
>>> if a<b ï¼š
SyntaxError: invalid character in identifier

#é”™è¯¯3
>>> print('a)
      
SyntaxError: EOL while scanning string literal

SyntaxError
 è¯­æ³•é”™è¯¯ï¼Œä»£ç å½¢å¼é”™è¯¯

åŸå› åŠè§£å†³æ–¹æ¡ˆï¼š

é”™è¯¯1ï¼šæ²¡æœ‰ç¼©è¿›æˆ–è€…ç¼©è¿›æ ¼å¼é”™è¯¯ã€‚æœ€å¸¸è§çš„é—®é¢˜å°±æ˜¯åœ¨äºTabå’ŒSpaceçš„æ··ç”¨ã€‚å…¶å®åœ¨å¤šæ•°ç¼–è¾‘å™¨ä¸Šè½¬è¡Œæ˜¯ä¼šè‡ªåŠ¨è¡¥å¥½ç¼©è¿›çš„ï¼Œå¦‚æœå®åœ¨ä¸ç¡®å®šï¼Œå¯ä»¥æ‰‹åŠ¨æŒ‰ä¸€ä¸‹Tabæˆ–æ•²4ä¸‹Space(æ›´å»ºè®®åè€…)ã€‚åˆ‡è®°Tabå’ŒSpaceä¸è¦åŒæ—¶æŒ‰æˆ–æ··ç€å¤šæŒ‰ã€‚

é”™è¯¯2ï¼šç»å¤§å¤šæ•°æƒ…å†µä¸‹å‡ºç°è¿™ä¸ªé”™è¯¯æ˜¯å› ä¸ºå†™ä»£ç æ—¶æ··ç”¨äº†ä¸­æ–‡æ ‡ç‚¹ï¼Œåœ¨ä¸ç»æ„æ—¶æŒ‰äº†Shiftåˆ‡æ¢æˆäº†ä¸­æ–‡å­—ç¬¦ã€‚åœ¨æ•²ä»£ç æ—¶ï¼Œè¦å¤šæ³¨æ„æ³¨æ„è¾“å…¥æ³•æ˜¯ä¸æ˜¯ä¸å°å¿ƒæ”¹å˜äº†

é”™è¯¯3ï¼šå‡ºç°é”™è¯¯3ï¼ŒçœŸçš„æ˜¯éå¸¸éå¸¸éå¸¸ä¸å°å¿ƒäº†ã€‚å¤šå‡ºç°åœ¨å¼•å·ä¸å¯¹ç§°æˆ–ç¼ºå°‘å¼•å·çš„æƒ…å†µä¸‹ã€‚è¿™æ—¶ä½ åº”è¯¥æ£€æŸ¥ä¸‹ä½ çš„ä»£ç å“ªé‡Œçš„é¢œè‰²æœ‰ç‚¹å¥‡æ€ªã€‚åœ¨å¤šæ•°ç¼–è¾‘å™¨ä¸­ï¼Œè¾“å…¥å•ä¸ªå¼•å·åï¼Œå¦‚æœæ²¡æœ‰å¦ä¸€ä¸ªå¼•å·ä¸ä¹‹å¯¹åº”ï¼Œ")"çš„é¢œè‰²æˆ–è€…ä»£ç çš„é¢œè‰²ä¼šæ˜¾å¾—å¾ˆå¥‡æ€ª


AttributeError

æŠ¥é”™ï¼š

>>> a = list()
>>> a.add('1')
Traceback (most recent call last):
  File "<pyshell#21>", line 1, in <module>
    a.add('1')
AttributeError: 'list' object has no attribute 'add'

AttributeError
 èµ‹å€¼å¼‚å¸¸

åŸå› åŠè§£å†³æ–¹æ¡ˆï¼š

å‡ºç°è¿™ç§é”™è¯¯ä¸»è¦æ˜¯å› ä¸ºæ··ç”¨äº†è¯­æ³•ã€‚å¦‚ä¸Šä¾‹ï¼šaæ˜¯ä¸€ä¸ªç©ºåˆ—è¡¨ï¼Œè€Œå¾€åˆ—è¡¨ä¸­æ·»åŠ å…ƒç´ æ˜¯appendï¼Œå³æœ¬åº”ç”¨a.append(â€˜1â€™)ã€‚è€Œa.add()æ˜¯ç”¨äºå¾€é›†åˆä¸­æ·»åŠ å…ƒç´ çš„ï¼Œè¿™ç§è¯­æ³•çš„æ··ç”¨ï¼Œå¯¼è‡´äº†AttributeErrorã€‚


TypeError

æŠ¥é”™ï¼š

#é”™è¯¯1
>>>a = input('Enter a number:')
>>>print(a/2)

Enter a number:1
Traceback (most recent call last):
  File "C:\Users\acer\Desktop\æµ‹è¯•1.py", line 2, in <module>
    print(a/2)
TypeError: unsupported operand type(s) for /: 'str' and 'int'

#é”™è¯¯2
>>> for i in range(1,2,2,3):
	print(i)

Traceback (most recent call last):
  File "<pyshell#29>", line 1, in <module>
    for i in range(1,2,2,3):
TypeError: range expected at most 3 arguments, got 4

TypeError
 ç±»å‹é”™è¯¯

åŸå› åŠè§£å†³æ–¹æ¡ˆï¼š

é”™è¯¯1ï¼šå¦‚ä¸Šä¾‹ï¼Œinput()è¿”å›çš„æ˜¯ä¸€ä¸ªå­—ç¬¦ä¸²ç±»å‹çš„å€¼ï¼Œè€Œå­—ç¬¦ä¸²æ˜¾è€Œæ˜“è§æ˜¯ä¸èƒ½ç›´æ¥ä¸æ•°å­—è¿›è¡Œè¿ç®—ï¼Œå› æ­¤å‡ºç°äº†TypeErrorã€‚è§£å†³è¯¥é—®é¢˜çš„å…³é”®åœ¨äºä½ éœ€è¦å¾—åˆ°çš„æ˜¯ä»€ä¹ˆç±»å‹çš„å€¼ã€‚è‹¥éœ€è¦æ•°å€¼å‹ï¼Œå¯åœ¨input()å‰åŠ ä¸Ševal()ï¼Œå³å¯è¿”å›æ•°å€¼å‹ã€‚è‹¥åªéœ€è¦æ•´å‹ï¼Œå¯åŠ ä¸Šint()ã€‚ä»¥æ­¤ç±»æ¨ã€‚

é”™è¯¯2ï¼šå‚æ•°ä¸ªæ•°é”™è¯¯ã€‚range()æœ€å¤šåªèƒ½æœ‰ä¸‰ä¸ªå‚æ•°(start,end,index)ï¼Œä½†è¾“å…¥äº†4ä¸ªå‚æ•°ï¼Œå› æ­¤å‡ºç°TypeErrorã€‚è¯¥é—®é¢˜ä¸»è¦å‡ºç°äºå¯¹å‡½æ•°çš„ä¸ç†Ÿæ‚‰ä¸Šã€‚å¯é€šè¿‡help()å…ˆæŸ¥çœ‹å‡½æ•°çš„å…·ä½“ç”¨æ³•ï¼Œå†æ·»åŠ åˆé€‚çš„å‚æ•°è¿›è¡Œä½¿ç”¨ã€‚


IndexError

æŠ¥é”™ï¼š

>>> a = list()
>>> a.append('1,2,3,a,b');a
['1,2,3,a,b']
>>> a[5]
Traceback (most recent call last):
  File "<pyshell#41>", line 1, in <module>
    a[5]
IndexError: list index out of range
>>>

IndexError
 ç´¢å¼•é”™è¯¯

åŸå› åŠè§£å†³æ–¹æ¡ˆï¼š

å‡ºç°è¯¥é”™è¯¯ä¸»è¦åŸå› åœ¨äºç´¢å¼•ä¸å­˜åœ¨æˆ–è¶…è¿‡åºåˆ—èŒƒå›´ã€‚å¦‚ä¸Šä¾‹ï¼šåˆ—è¡¨aåªæœ‰5ä¸ªå…ƒç´ **(åˆ‡è®°ï¼šPythonä¸­ç´¢å¼•éƒ½æ˜¯ä»0å¼€å§‹)**ï¼Œå› æ­¤a[6]éœ€è¦è¿”å›çš„æ˜¯ç¬¬6ä¸ªå…ƒç´ ï¼Œè€Œæ€»å…±åªæœ‰5ä¸ªå…ƒç´ ã€‚æ•…å‡ºç°è¯¥é”™è¯¯ã€‚å¤šæ•°æƒ…å†µæ˜¯å› ä¸ºå¿˜è®°äº†â€œä»0å¼€å§‹â€è¿™ä¸ªåŸåˆ™å¯¼è‡´å‡ºç°è¿™ç§é”™è¯¯ï¼Œæ”¹å˜ä¸‹ç´¢å¼•å€¼ä¾¿å¯è§£å†³ã€‚


ValueError

æŠ¥é”™ï¼š

>>> a = "abc"
>>> int(a)
Traceback (most recent call last):
  File "<pyshell#46>", line 1, in <module>
    int(a)
ValueError: invalid literal for int() with base 10: 'abc'

ValueError
 å€¼é”™è¯¯
 åŸå› åŠè§£å†³æ–¹æ¡ˆï¼š

å‡ºç°è¿™ç§é”™è¯¯ä¸»è¦åŸå› æ˜¯ä¼ ç»™å¯¹è±¡çš„å‚æ•°ç±»å‹ä¸å‡†ç¡®ã€‚å¦‚ä¸Šä¾‹ï¼Œaæ˜¯ä¸€ä¸ªå­—ç¬¦ä¸²ç±»å‹ï¼Œè€Œint()éœ€è¦ä¼ å…¥çš„æ˜¯æ•°å€¼å‹ï¼Œæ•…å‡ºç°äº†ä¸Šè¿°é”™è¯¯ã€‚è§£å†³èµ·æ¥ä¹Ÿå¾ˆå®¹æ˜“ï¼Œåªç”¨æ”¹å˜è¾“å…¥å€¼çš„ç±»å‹å³å¯ã€‚


KeyError

æŠ¥é”™ï¼š

>>> d={'a':1,'b':2,'c':3}
>>> d['a']
1
>>> d['f']
Traceback (most recent call last):
  File "<pyshell#49>", line 1, in <module>
    d['f']
KeyError: 'f'

KeyError
 å­—å…¸é”®å€¼é”™è¯¯

åŸå› åŠè§£å†³æ–¹æ¡ˆï¼š

å¸¸è§äºå­—å…¸ä¸­ã€‚å¦‚ä¸Šä¾‹ï¼Œå­—å…¸dåªæœ‰aï¼Œbï¼Œcä¸‰ä¸ªé”®åŠå¯¹åº”çš„é”®å€¼ã€‚è€Œæƒ³å¾—åˆ°çš„æ˜¯d[â€˜fâ€™]ï¼Œæ˜æ˜¾æ˜¯ä¸å­˜åœ¨çš„ï¼Œæ•…å‡ºç°äº†è¯¥é”™è¯¯ï¼Œå¯èƒ½å› ä¸ºæ¼å¡«é”®åŠé”®å€¼å¯¼è‡´ã€‚é€šè¿‡è®¿é—®å·²å­˜åœ¨çš„é”®å€¼(å¦‚aï¼Œbï¼Œc)æ¥è§£å†³ã€‚


FileNotFoundError

æŠ¥é”™ï¼š

#åœ¨è¯¥ç›®å½•ä¸‹å¹¶æ²¡æœ‰hello,pyè¿™ä¸ªæ–‡ä»¶
>>> f = open('hello.py')
Traceback (most recent call last):
  File "<pyshell#54>", line 1, in <module>
    f = open('hello.py')
FileNotFoundError: [Errno 2] No such file or directory: 'hello.py'

FileNotFoundError
 æ–‡ä»¶ä¸å­˜åœ¨é”™è¯¯

åŸå› åŠè§£å†³æ–¹æ¡ˆï¼š

å¸¸ç”¨äºå¯¹æ–‡ä»¶çš„å¤„ç†ã€‚ç”±äºè¾“å…¥æ–‡ä»¶åçš„ä¸å­˜åœ¨æ‰€å¯¼è‡´çš„é”™è¯¯ã€‚æŸ¥çœ‹è¯¥ç›®å½•ä¸‹æ˜¯å¦å­˜åœ¨ç›®æ ‡æ–‡ä»¶ï¼Œæˆ–å°†ç›®æ ‡ç§»è‡³è¯¥ç›®å½•ä¸‹å†è¿›è¡Œopen()

ps:
 å¦‚ä½•æŸ¥çœ‹pythonè§£é‡Šå™¨å½“å‰è·¯å¾„åŠç›®å½•ä¸‹çš„æ–‡ä»¶ï¼š

#æŸ¥çœ‹ç›®å½•
import os
os.getcwd()
'C:\\Users\\acer\\Desktop'
#æŸ¥çœ‹ç›®å½•ä¸‹çš„æ–‡ä»¶
os.listdir('C:\\Users\\acer\\Desktop')

#,åŠå¯¹\çš„è½¬ä¹‰ã€‚è‹¥å­˜åœ¨å¤šä¸ª\éœ€è¦è½¬ä¹‰ä¹Ÿå¯é€šè¿‡rï¼Œå³os.listdir(râ€™C:\Users\acer\Desktopâ€™)è§£å†³ã€‚**åˆ‡è®°å½“ä½¿ç”¨äº†råï¼Œä¸èƒ½åœ¨å¥æœ«å†åŠ å…¥\


io.UnsupportedOperation

æŠ¥é”™ï¼š

>>> f = open('æµ‹è¯•1.py')
>>> f.write("test")
Traceback (most recent call last):
  File "<pyshell#56>", line 1, in <module>
    f.write("test")
io.UnsupportedOperation: not writable

io.UnsupportedOperation
 æ–‡ä»¶æƒé™é—®é¢˜æŠ¥é”™(ä¸Šä¾‹ä¸­æ˜¯ç”¨çš„f.writeï¼Œæ•…ä¸ºnot writable

åŸå› åŠè§£å†³æ–¹æ¡ˆï¼š

open(â€œæµ‹è¯•1.pyâ€)å¦‚æœå…¥å‚æ²¡æœ‰åŠ è¯»å†™æ¨¡å¼å‚æ•°modeï¼Œè¯´æ˜é»˜è®¤æ‰“å¼€æ–‡ä»¶çš„æ–¹å¼ä¸ºåªè¯»æ–¹å¼ï¼Œè€Œæ­¤æ—¶åˆè¦å†™å…¥å­—ç¬¦ï¼Œæ‰€ä»¥æƒé™å—é™ï¼Œæ‰ä¼šæŠ¥é”™ã€‚å¯é€šè¿‡æ›´æ”¹æ¨¡å¼è§£å†³ï¼Œå³>>>
 f=open(â€œæµ‹è¯•1.pyâ€,â€˜w+â€™)ã€‚

ä¸Šè¿°å³ä¸ºPythonå­¦ä¹ ä¸­å¸¸è§çš„ä¸€äº›é”™è¯¯ã€‚

æœ‰ä»€ä¹ˆpythonç›¸å…³æŠ¥é”™è§£ç­”è‡ªå·±ä¸ä¼šçš„ã€æˆ–è€…æºç èµ„æ–™/æ¨¡å—å®‰è£…/å¥³è£…å¤§ä½¬ç²¾é€šæŠ€å·§ éƒ½å¯ä»¥æ¥è¿™é‡Œï¼šï¼ˆhttps://jq.qq.com/?_wv=1027&k=2Q3YTfymï¼‰æˆ–è€…æ–‡æœ«ç§å·é—®æˆ‘


ä»Šå¤©çš„æ–‡ç« å°±æ˜¯è¿™æ ·å•¦ æˆ‘æ˜¯å°ç†ŠçŒ« å’±ä¸‹ç¯‡æ–‡ç« å†è§å•¦(âœ¿â—¡â€¿â—¡)

