刚刚学习python语言时常会遇到一些问题，能看懂常见的python 捕获异常错误类型很重要。python ioerror很常见，NameError是最普通也是最常会遇到的内建报错类名，其代表问题出现在python 变量命名上，找不到变量名会引发NameError。

举一个最简单的可以引发NameError错误示例，print一个不存在的变量名：

>>> print x

Traceback (most recent call last):

File "", line 1, in

NameError: name 'x' is not defined

错误提示告诉我们NameError: name 'x' is not defined，名称'x'没有定义，也就是说没有找到该对象。还有python permission denied，是没有权限的意思。

玩蛇网python学习分享平台告诉你解决NameError方法：把未定义的变量名定义一下。比如只是想输出字符串‘x’，或是想把x定义为某种数据类型，都要先告诉程序这个对象是什么。

>>> print 'x'

x

>>>

>>> x = ( )

>>> print x

()

>>>

>>> x = [ ]

>>> print x

[]

>>>

>>> x = { }

>>> print x

{}

要避免python的NameError错误还需要注意：在编写函数，调用变量时要注意变量的作用域，变量工作范围不清晰，调用时也会出现NameError错误；再有比如要使用time模块内某个方法时，记得要先导入该模块（一般要指明在哪个模块中）不然运行时会引发NameError错误。

玩蛇网文章，转载请注明出处和文章网址：https://www.iplaypy.com/jinjie/jj165.html

相关文章 Recommend

