1、问题安装bedtools  执行make命令是报错fatal error: lzma.h: No such file or directory

root@DESKTOP-1N42TVH:/home/software/bedtools2# ls
LICENSE  Makefile  README.md  bin  data  docs  genomes  obj  scripts  src  test  tutorial
root@DESKTOP-1N42TVH:/home/software/bedtools2# make

2、解决方法

root@DESKTOP-1N42TVH:/home/software/bedtools2# apt install libbz2-dev

root@DESKTOP-1N42TVH:/home/software/bedtools2# apt install zlib1g-dev

root@DESKTOP-1N42TVH:/home/software/bedtools2# apt install zlib1g-dev

3、再次执行make验证， 已经没有fatal error: lzma.h: No such file or directory，但是出现新的问题，没有python

root@DESKTOP-1N42TVH:/home/software/bedtools2# make

4、安装python

查看系统版本

查看python

root@DESKTOP-1N42TVH:/home/software/bedtools2# python

Command 'python' not found, did you mean:

command 'python3' from deb python3
  command 'python' from deb python-is-python3

5、建立软连接解决

6、再次make测试， 问题解决

