安装提示：系统找不到指定文件：

C:\Users>pip3 install xmind2testcase
Collecting xmind2testcase
  Using cached xmind2testcase-1.5.0-py2.py3-none-any.whl (5.8 MB)
Collecting xmind
  Using cached XMind-1.2.0-py2.py3-none-any.whl (31 kB)
Collecting flask
  Downloading Flask-2.0.1-py3-none-any.whl (94 kB)
     |████████████████████████████████| 94 kB 3.3 MB/s
Collecting arrow
  Downloading arrow-1.1.1-py3-none-any.whl (60 kB)
     |████████████████████████████████| 60 kB ...
Collecting python-dateutil>=2.7.0
  Downloading python_dateutil-2.8.2-py2.py3-none-any.whl (247 kB)
     |████████████████████████████████| 247 kB ...
Collecting six>=1.5
  Using cached six-1.16.0-py2.py3-none-any.whl (11 kB)
Collecting click>=7.1.2
  Downloading click-8.0.1-py3-none-any.whl (97 kB)
     |████████████████████████████████| 97 kB 3.3 MB/s
Collecting itsdangerous>=2.0
  Downloading itsdangerous-2.0.1-py3-none-any.whl (18 kB)
Collecting Jinja2>=3.0
  Downloading Jinja2-3.0.1-py3-none-any.whl (133 kB)
     |████████████████████████████████| 133 kB 6.8 MB/s
Collecting Werkzeug>=2.0
  Downloading Werkzeug-2.0.1-py3-none-any.whl (288 kB)
     |████████████████████████████████| 288 kB ...
Requirement already satisfied: colorama in c:\python39\lib\site-packages (from click>=7.1.2->flask->xmind2testcase) (0.4.4)
Collecting MarkupSafe>=2.0
  Downloading MarkupSafe-2.0.1-cp39-cp39-win_amd64.whl (14 kB)
Installing collected packages: six, MarkupSafe, Werkzeug, python-dateutil, Jinja2, itsdangerous, click, xmind, flask, arrow, xmind2testcase
  WARNING: Failed to write executable - trying to use .deleteme logic
ERROR: Could not install packages due to an OSError: [WinError 2] 系统找不到指定的文件。: 'c:\\python39\\Scripts\\flask.exe' -> 'c:\\python39\\Scripts\\flask.exe.deleteme'

WARNING: You are using pip version 21.1.3; however, version 21.2.1 is available.
You should consider upgrading via the 'c:\python39\python.exe -m pip install --upgrade pip' command.

C:\Users>c:\python39\python.exe -m pip install --upgrade pip

根据提示，继续执行命令：

python.exe -m pip install --upgrade pip

但依然报错：提示 拒绝访问。: 'c:\python39\lib\site-packages\pip-21.1.3.dist-info\entry_points.txt'

Consider using the --user option or check the permissions

C:\Users>c:\python39\python.exe -m pip install --upgrade pip
Requirement already satisfied: pip in c:\python39\lib\site-packages (21.1.3)
Collecting pip
  Downloading pip-21.2.1-py3-none-any.whl (1.6 MB)
     |████████████████████████████████| 1.6 MB ...
Installing collected packages: pip
  Attempting uninstall: pip
    Found existing installation: pip 21.1.3
    Uninstalling pip-21.1.3:
ERROR: Could not install packages due to an OSError: [WinError 5] 拒绝访问。: 'c:\\python39\\lib\\site-packages\\pip-21.1.3.dist-info\\entry_points.txt'
Consider using the `--user` option or check the permissions.

WARNING: You are using pip version 21.1.3; however, version 21.2.1 is available.
You should consider upgrading via the 'c:\python39\python.exe -m pip install --upgrade pip' command.

继续根据提醒，发现登录账号不是超级管理员，需要授权，增加“--user”，即命令如下：

进入cd \Python39

C:\Python39>python.exe -m pip install --upgrade pip

C:\Python39>python.exe -m pip install --upgrade pip --user
WARNING: Ignoring invalid distribution -ip (c:\python39\lib\site-packages)
WARNING: Ignoring invalid distribution - (c:\python39\lib\site-packages)
WARNING: Ignoring invalid distribution -ip (c:\python39\lib\site-packages)
WARNING: Ignoring invalid distribution - (c:\python39\lib\site-packages)
Requirement already satisfied: pip in c:\python39\lib\site-packages (21.1.3)
Collecting pip
  Using cached pip-21.2.1-py3-none-any.whl (1.6 MB)
WARNING: Ignoring invalid distribution -ip (c:\python39\lib\site-packages)
WARNING: Ignoring invalid distribution - (c:\python39\lib\site-packages)
Installing collected packages: pip
  WARNING: The scripts pip.exe, pip3.9.exe and pip3.exe are installed in 'C:\Users\AppData\Roaming\Python\Python39\Scripts' which is not on PATH.
  Consider adding this directory to PATH or, if you prefer to suppress this warning, use --no-warn-script-location.
Successfully installed pip-21.2.1
WARNING: Ignoring invalid distribution -ip (c:\python39\lib\site-packages)
WARNING: Ignoring invalid distribution - (c:\python39\lib\site-packages)
WARNING: Ignoring invalid distribution -ip (c:\python39\lib\site-packages)
WARNING: Ignoring invalid distribution - (c:\python39\lib\site-packages)
WARNING: Ignoring invalid distribution -ip (c:\python39\lib\site-packages)
WARNING: Ignoring invalid distribution - (c:\python39\lib\site-packages)
WARNING: You are using pip version 21.1.3; however, version 21.2.1 is available.
You should consider upgrading via the 'C:\Python39\python.exe -m pip install --upgrade pip' command.

C:\Python39>python.exe -m pip install --user --upgrade pip
WARNING: Ignoring invalid distribution -ip (c:\python39\lib\site-packages)
WARNING: Ignoring invalid distribution - (c:\python39\lib\site-packages)
WARNING: Ignoring invalid distribution -ip (c:\python39\lib\site-packages)
WARNING: Ignoring invalid distribution - (c:\python39\lib\site-packages)
Requirement already satisfied: pip in c:\users\appdata\roaming\python\python39\site-packages (21.2.1)
WARNING: Ignoring invalid distribution -ip (c:\python39\lib\site-packages)
WARNING: Ignoring invalid distribution - (c:\python39\lib\site-packages)
WARNING: Ignoring invalid distribution -ip (c:\python39\lib\site-packages)
WARNING: Ignoring invalid distribution - (c:\python39\lib\site-packages)

C:\Python39>

不报错了，但有黄色警告提醒，如上代码，这又是为什么呢？

原来，是之前安装插件失败或中途退出，导致插件异常，找到对应目录删除~开头的文件就好了。

搞定。

End

